[2026-04-18T21:59:56.459Z] SLEEP_PARSE: format=stages | deep=97m rem=102m light=232m wake=23m | efficiency=95 minutesAsleep=432
[2026-04-18T21:59:56.549Z] readiness FAILED :: 404 Fitbit 404: {"errors":[{"errorType":"not_found","fieldName":"n/a","message":"The API you are requesting could not be found."}],"success":fal
[2026-04-18T21:59:56.648Z] sleepScore FAILED :: 404 Fitbit 404: 
[2026-04-18T21:59:56.860Z] SLEEP_PARSE: format=stages | deep=97m rem=102m light=232m wake=23m | efficiency=95 minutesAsleep=432
[2026-04-18T21:59:56.913Z] br FAILED :: 403 Fitbit 403: {
  "error": {
    "code": 403,
    "message": "The caller does not have permission",
    "status": "PERMISSION_DENIED"
  }
}

[2026-04-18T21:59:56.918Z] spo2 FAILED :: 403 Fitbit 403: {
  "error": {
    "code": 403,
    "message": "The caller does not have permission",
    "status": "PERMISSION_DENIED"
  }
}

[2026-04-18T21:59:56.977Z] sleepScore FAILED :: 404 Fitbit 404: 
[2026-04-18T21:59:57.019Z] cardioscore FAILED :: 403 Fitbit 403: This application does not have permission to READ CARDIO_FITNESS data. Visit https://dev.fitbit.com/docs/oauth2 for more informa
[2026-04-18T21:59:57.038Z] readiness FAILED :: 404 Fitbit 404: {"errors":[{"errorType":"not_found","fieldName":"n/a","message":"The API you are requesting could not be found."}],"success":fal
[2026-04-18T21:59:57.039Z] RECOVERY :: score=96 source=computed date=2026-04-18
[2026-04-18T21:59:57.039Z] STATS :: steps=494 azm=0 active=0 floors=0 rhr=72 hrv=35 br=? spo2=? readiness=? sleep=432m deep=97m rem=102m eff=95%
[2026-04-18T22:00:11.108Z] SLEEP_PARSE: format=stages | deep=97m rem=102m light=232m wake=23m | efficiency=95 minutesAsleep=432
[2026-04-18T22:00:11.242Z] sleepScore FAILED :: 404 Fitbit 404: 
[2026-04-18T22:00:11.244Z] readiness FAILED :: 404 Fitbit 404: {"errors":[{"errorType":"not_found","fieldName":"n/a","message":"The API you are requesting could not be found."}],"success":fal
[2026-04-18T22:00:11.249Z] SLEEP_PARSE: format=stages | deep=97m rem=102m light=232m wake=23m | efficiency=95 minutesAsleep=432
[2026-04-18T22:00:11.318Z] spo2 FAILED :: 403 Fitbit 403: {
  "error": {
    "code": 403,
    "message": "The caller does not have permission",
    "status": "PERMISSION_DENIED"
  }
}

[2026-04-18T22:00:11.330Z] br FAILED :: 403 Fitbit 403: {
  "error": {
    "code": 403,
    "message": "The caller does not have permission",
    "status": "PERMISSION_DENIED"
  }
}

[2026-04-18T22:00:11.372Z] sleepScore FAILED :: 404 Fitbit 404: 
[2026-04-18T22:00:11.448Z] readiness FAILED :: 404 Fitbit 404: {"errors":[{"errorType":"not_found","fieldName":"n/a","message":"The API you are requesting could not be found."}],"success":fal
[2026-04-18T22:00:11.494Z] cardioscore FAILED :: 403 Fitbit 403: This application does not have permission to READ CARDIO_FITNESS data. Visit https://dev.fitbit.com/docs/oauth2 for more informa
[2026-04-18T22:00:11.494Z] RECOVERY :: score=96 source=computed date=2026-04-18
[2026-04-18T22:00:11.495Z] STATS :: steps=494 azm=0 active=0 floors=0 rhr=72 hrv=35 br=? spo2=? readiness=? sleep=432m deep=97m rem=102m eff=95%
[2026-04-18T22:00:11.648Z] SLEEP_PARSE: format=stages | deep=97m rem=102m light=232m wake=23m | efficiency=95 minutesAsleep=432
[2026-04-18T22:00:11.774Z] readiness FAILED :: 404 Fitbit 404: {"errors":[{"errorType":"not_found","fieldName":"n/a","message":"The API you are requesting could not be found."}],"success":fal
[2026-04-18T22:00:11.797Z] sleepScore FAILED :: 404 Fitbit 404: 
[2026-04-18T22:00:12.770Z] SLEEP_PARSE: format=stages | deep=97m rem=102m light=232m wake=23m | efficiency=95 minutesAsleep=432
[2026-04-18T22:00:12.823Z] spo2 FAILED :: 403 Fitbit 403: {
  "error": {
    "code": 403,
    "message": "The caller does not have permission",
    "status": "PERMISSION_DENIED"
  }
}

[2026-04-18T22:00:12.838Z] br FAILED :: 403 Fitbit 403: {
  "error": {
    "code": 403,
    "message": "The caller does not have permission",
    "status": "PERMISSION_DENIED"
  }
}

[2026-04-18T22:00:12.873Z] readiness FAILED :: 404 Fitbit 404: {"errors":[{"errorType":"not_found","fieldName":"n/a","message":"The API you are requesting could not be found."}],"success":fal
[2026-04-18T22:00:12.878Z] cardioscore FAILED :: 403 Fitbit 403: This application does not have permission to READ CARDIO_FITNESS data. Visit https://dev.fitbit.com/docs/oauth2 for more informa
[2026-04-18T22:00:16.583Z] sleepScore FAILED :: 404 Fitbit 404: 
[2026-04-18T22:00:16.862Z] RECOVERY :: score=96 source=computed date=2026-04-18
[2026-04-18T22:00:16.863Z] STATS :: steps=494 azm=0 active=0 floors=0 rhr=72 hrv=35 br=? spo2=? readiness=? sleep=432m deep=97m rem=102m eff=95%
[2026-04-18T22:00:23.899Z] SLEEP_PARSE: format=stages | deep=97m rem=102m light=232m wake=23m | efficiency=95 minutesAsleep=432
[2026-04-18T22:00:24.018Z] sleepScore FAILED :: 404 Fitbit 404: 
[2026-04-18T22:00:24.084Z] readiness FAILED :: 404 Fitbit 404: {"errors":[{"errorType":"not_found","fieldName":"n/a","message":"The API you are requesting could not be found."}],"success":fal
[2026-04-18T22:00:24.360Z] SLEEP_PARSE: format=stages | deep=97m rem=102m light=232m wake=23m | efficiency=95 minutesAsleep=432
[2026-04-18T22:00:24.568Z] sleepScore FAILED :: 404 Fitbit 404: 
[2026-04-18T22:00:24.969Z] SLEEP_PARSE: format=stages | deep=97m rem=102m light=232m wake=23m | efficiency=95 minutesAsleep=432
[2026-04-18T22:00:25.029Z] spo2 FAILED :: 403 Fitbit 403: {
  "error": {
    "code": 403,
    "message": "The caller does not have permission",
    "status": "PERMISSION_DENIED"
  }
}

[2026-04-18T22:00:25.044Z] br FAILED :: 403 Fitbit 403: {
  "error": {
    "code": 403,
    "message": "The caller does not have permission",
    "status": "PERMISSION_DENIED"
  }
}

[2026-04-18T22:00:25.164Z] readiness FAILED :: 404 Fitbit 404: {"errors":[{"errorType":"not_found","fieldName":"n/a","message":"The API you are requesting could not be found."}],"success":fal
[2026-04-18T22:00:25.168Z] cardioscore FAILED :: 403 Fitbit 403: This application does not have permission to READ CARDIO_FITNESS data. Visit https://dev.fitbit.com/docs/oauth2 for more informa
[2026-04-18T22:00:25.265Z] sleepScore FAILED :: 404 Fitbit 404: 
[2026-04-18T22:00:25.266Z] RECOVERY :: score=96 source=computed date=2026-04-18
[2026-04-18T22:00:25.267Z] STATS :: steps=494 azm=0 active=0 floors=0 rhr=72 hrv=35 br=? spo2=? readiness=? sleep=432m deep=97m rem=102m eff=95%
[2026-04-18T22:00:25.834Z] SLEEP_PARSE: format=stages | deep=97m rem=102m light=232m wake=23m | efficiency=95 minutesAsleep=432
[2026-04-18T22:00:25.903Z] spo2 FAILED :: 403 Fitbit 403: {
  "error": {
    "code": 403,
    "message": "The caller does not have permission",
    "status": "PERMISSION_DENIED"
  }
}

[2026-04-18T22:00:25.928Z] br FAILED :: 403 Fitbit 403: {
  "error": {
    "code": 403,
    "message": "The caller does not have permission",
    "status": "PERMISSION_DENIED"
  }
}

[2026-04-18T22:00:25.950Z] readiness FAILED :: 404 Fitbit 404: {"errors":[{"errorType":"not_found","fieldName":"n/a","message":"The API you are requesting could not be found."}],"success":fal
[2026-04-18T22:00:25.952Z] cardioscore FAILED :: 403 Fitbit 403: This application does not have permission to READ CARDIO_FITNESS data. Visit https://dev.fitbit.com/docs/oauth2 for more informa
[2026-04-18T22:00:25.962Z] sleepScore FAILED :: 404 Fitbit 404: 
[2026-04-18T22:00:25.963Z] RECOVERY :: score=96 source=computed date=2026-04-18
[2026-04-18T22:00:25.963Z] STATS :: steps=494 azm=0 active=0 floors=0 rhr=72 hrv=35 br=? spo2=? readiness=? sleep=432m deep=97m rem=102m eff=95%
[2026-04-18T22:00:27.418Z] readiness FAILED :: 404 Fitbit 404: {"errors":[{"errorType":"not_found","fieldName":"n/a","message":"The API you are requesting could not be found."}],"success":fal
[2026-04-18T22:00:33.669Z] SLEEP_PARSE: format=stages | deep=97m rem=102m light=232m wake=23m | efficiency=95 minutesAsleep=432
[2026-04-18T22:00:33.797Z] sleepScore FAILED :: 404 Fitbit 404: 
[2026-04-18T22:00:33.840Z] readiness FAILED :: 404 Fitbit 404: {"errors":[{"errorType":"not_found","fieldName":"n/a","message":"The API you are requesting could not be found."}],"success":fal
[2026-04-18T22:00:34.054Z] SLEEP_PARSE: format=stages | deep=97m rem=102m light=232m wake=23m | efficiency=95 minutesAsleep=432
[2026-04-18T22:00:34.094Z] SLEEP_PARSE: format=stages | deep=97m rem=102m light=232m wake=23m | efficiency=95 minutesAsleep=432
[2026-04-18T22:00:34.104Z] br FAILED :: 403 Fitbit 403: {
  "error": {
    "code": 403,
    "message": "The caller does not have permission",
    "status": "PERMISSION_DENIED"
  }
}

[2026-04-18T22:00:34.105Z] spo2 FAILED :: 403 Fitbit 403: {
  "error": {
    "code": 403,
    "message": "The caller does not have permission",
    "status": "PERMISSION_DENIED"
  }
}

[2026-04-18T22:00:34.149Z] sleepScore FAILED :: 404 Fitbit 404: 
[2026-04-18T22:00:34.217Z] sleepScore FAILED :: 404 Fitbit 404: 
[2026-04-18T22:00:34.259Z] cardioscore FAILED :: 403 Fitbit 403: This application does not have permission to READ CARDIO_FITNESS data. Visit https://dev.fitbit.com/docs/oauth2 for more informa
[2026-04-18T22:00:34.260Z] readiness FAILED :: 404 Fitbit 404: {"errors":[{"errorType":"not_found","fieldName":"n/a","message":"The API you are requesting could not be found."}],"success":fal
[2026-04-18T22:00:34.260Z] RECOVERY :: score=96 source=computed date=2026-04-18
[2026-04-18T22:00:34.260Z] STATS :: steps=494 azm=0 active=0 floors=0 rhr=72 hrv=35 br=? spo2=? readiness=? sleep=432m deep=97m rem=102m eff=95%
[2026-04-18T22:00:34.314Z] readiness FAILED :: 404 Fitbit 404: {"errors":[{"errorType":"not_found","fieldName":"n/a","message":"The API you are requesting could not be found."}],"success":fal
[2026-04-18T22:00:34.904Z] SLEEP_PARSE: format=stages | deep=97m rem=102m light=232m wake=23m | efficiency=95 minutesAsleep=432
[2026-04-18T22:00:34.959Z] spo2 FAILED :: 403 Fitbit 403: {
  "error": {
    "code": 403,
    "message": "The caller does not have permission",
    "status": "PERMISSION_DENIED"
  }
}

[2026-04-18T22:00:34.959Z] br FAILED :: 403 Fitbit 403: {
  "error": {
    "code": 403,
    "message": "The caller does not have permission",
    "status": "PERMISSION_DENIED"
  }
}

[2026-04-18T22:00:34.999Z] readiness FAILED :: 404 Fitbit 404: {"errors":[{"errorType":"not_found","fieldName":"n/a","message":"The API you are requesting could not be found."}],"success":fal
[2026-04-18T22:00:35.000Z] cardioscore FAILED :: 403 Fitbit 403: This application does not have permission to READ CARDIO_FITNESS data. Visit https://dev.fitbit.com/docs/oauth2 for more informa
[2026-04-18T22:00:35.022Z] sleepScore FAILED :: 404 Fitbit 404: 
[2026-04-18T22:00:35.023Z] RECOVERY :: score=96 source=computed date=2026-04-18
[2026-04-18T22:00:35.023Z] STATS :: steps=494 azm=0 active=0 floors=0 rhr=72 hrv=35 br=? spo2=? readiness=? sleep=432m deep=97m rem=102m eff=95%
[2026-04-18T22:03:39.355Z] SLEEP_PARSE: format=stages | deep=97m rem=102m light=232m wake=23m | efficiency=95 minutesAsleep=432
[2026-04-18T22:03:39.445Z] readiness FAILED :: 404 Fitbit 404: {"errors":[{"errorType":"not_found","fieldName":"n/a","message":"The API you are requesting could not be found."}],"success":fal
[2026-04-18T22:03:39.473Z] sleepScore FAILED :: 404 Fitbit 404: 
[2026-04-18T22:03:39.695Z] SLEEP_PARSE: format=stages | deep=97m rem=102m light=232m wake=23m | efficiency=95 minutesAsleep=432
[2026-04-18T22:03:39.750Z] br FAILED :: 403 Fitbit 403: {
  "error": {
    "code": 403,
    "message": "The caller does not have permission",
    "status": "PERMISSION_DENIED"
  }
}

[2026-04-18T22:03:39.793Z] sleepScore FAILED :: 404 Fitbit 404: 
[2026-04-18T22:03:39.829Z] spo2 FAILED :: 403 Fitbit 403: {
  "error": {
    "code": 403,
    "message": "The caller does not have permission",
    "status": "PERMISSION_DENIED"
  }
}

[2026-04-18T22:03:39.850Z] readiness FAILED :: 404 Fitbit 404: {"errors":[{"errorType":"not_found","fieldName":"n/a","message":"The API you are requesting could not be found."}],"success":fal
[2026-04-18T22:03:39.861Z] SLEEP_PARSE: format=stages | deep=97m rem=102m light=232m wake=23m | efficiency=95 minutesAsleep=432
[2026-04-18T22:03:39.863Z] cardioscore FAILED :: 403 Fitbit 403: This application does not have permission to READ CARDIO_FITNESS data. Visit https://dev.fitbit.com/docs/oauth2 for more informa
[2026-04-18T22:03:39.864Z] RECOVERY :: score=96 source=computed date=2026-04-18
[2026-04-18T22:03:39.864Z] STATS :: steps=494 azm=0 active=0 floors=0 rhr=72 hrv=35 br=? spo2=? readiness=? sleep=432m deep=97m rem=102m eff=95%
[2026-04-18T22:03:39.949Z] readiness FAILED :: 404 Fitbit 404: {"errors":[{"errorType":"not_found","fieldName":"n/a","message":"The API you are requesting could not be found."}],"success":fal
[2026-04-18T22:03:39.993Z] sleepScore FAILED :: 404 Fitbit 404: 
[2026-04-18T22:03:40.366Z] SLEEP_PARSE: format=stages | deep=97m rem=102m light=232m wake=23m | efficiency=95 minutesAsleep=432
[2026-04-18T22:03:40.420Z] br FAILED :: 403 Fitbit 403: {
  "error": {
    "code": 403,
    "message": "The caller does not have permission",
    "status": "PERMISSION_DENIED"
  }
}

[2026-04-18T22:03:40.429Z] spo2 FAILED :: 403 Fitbit 403: {
  "error": {
    "code": 403,
    "message": "The caller does not have permission",
    "status": "PERMISSION_DENIED"
  }
}

[2026-04-18T22:03:40.455Z] readiness FAILED :: 404 Fitbit 404: {"errors":[{"errorType":"not_found","fieldName":"n/a","message":"The API you are requesting could not be found."}],"success":fal
[2026-04-18T22:03:40.488Z] sleepScore FAILED :: 404 Fitbit 404: 
[2026-04-18T22:03:40.520Z] cardioscore FAILED :: 403 Fitbit 403: This application does not have permission to READ CARDIO_FITNESS data. Visit https://dev.fitbit.com/docs/oauth2 for more informa
[2026-04-18T22:03:40.520Z] RECOVERY :: score=96 source=computed date=2026-04-18
[2026-04-18T22:03:40.521Z] STATS :: steps=494 azm=0 active=0 floors=0 rhr=72 hrv=35 br=? spo2=? readiness=? sleep=432m deep=97m rem=102m eff=95%
[2026-04-18T22:18:39.758Z] SLEEP_PARSE: format=stages | deep=97m rem=102m light=232m wake=23m | efficiency=95 minutesAsleep=432
[2026-04-18T22:18:39.834Z] br FAILED :: 403 Fitbit 403: {
  "error": {
    "code": 403,
    "message": "The caller does not have permission",
    "status": "PERMISSION_DENIED"
  }
}

[2026-04-18T22:18:39.886Z] sleepScore FAILED :: 404 Fitbit 404: 
[2026-04-18T22:18:39.907Z] spo2 FAILED :: 403 Fitbit 403: {
  "error": {
    "code": 403,
    "message": "The caller does not have permission",
    "status": "PERMISSION_DENIED"
  }
}

[2026-04-18T22:18:39.937Z] readiness FAILED :: 404 Fitbit 404: {"errors":[{"errorType":"not_found","fieldName":"n/a","message":"The API you are requesting could not be found."}],"success":fal
[2026-04-18T22:18:39.946Z] cardioscore FAILED :: 403 Fitbit 403: This application does not have permission to READ CARDIO_FITNESS data. Visit https://dev.fitbit.com/docs/oauth2 for more informa
[2026-04-18T22:18:39.947Z] RECOVERY :: score=96 source=computed date=2026-04-18
[2026-04-18T22:18:39.948Z] STATS :: steps=542 azm=0 active=0 floors=0 rhr=72 hrv=35 br=? spo2=? readiness=? sleep=432m deep=97m rem=102m eff=95%
[2026-04-18T22:33:39.496Z] SLEEP_PARSE: format=stages | deep=97m rem=102m light=232m wake=23m | efficiency=95 minutesAsleep=432
[2026-04-18T22:33:39.610Z] sleepScore FAILED :: 404 Fitbit 404: 
[2026-04-18T22:33:39.656Z] readiness FAILED :: 404 Fitbit 404: {"errors":[{"errorType":"not_found","fieldName":"n/a","message":"The API you are requesting could not be found."}],"success":fal
[2026-04-18T22:33:40.651Z] SLEEP_PARSE: format=stages | deep=97m rem=102m light=232m wake=23m | efficiency=95 minutesAsleep=432
[2026-04-18T22:33:40.706Z] br FAILED :: 403 Fitbit 403: {
  "error": {
    "code": 403,
    "message": "The caller does not have permission",
    "status": "PERMISSION_DENIED"
  }
}

[2026-04-18T22:33:40.760Z] sleepScore FAILED :: 404 Fitbit 404: 
[2026-04-18T22:33:40.796Z] spo2 FAILED :: 403 Fitbit 403: {
  "error": {
    "code": 403,
    "message": "The caller does not have permission",
    "status": "PERMISSION_DENIED"
  }
}

[2026-04-18T22:33:40.821Z] readiness FAILED :: 404 Fitbit 404: {"errors":[{"errorType":"not_found","fieldName":"n/a","message":"The API you are requesting could not be found."}],"success":fal
[2026-04-18T22:33:40.907Z] cardioscore FAILED :: 403 Fitbit 403: This application does not have permission to READ CARDIO_FITNESS data. Visit https://dev.fitbit.com/docs/oauth2 for more informa
[2026-04-18T22:33:40.908Z] RECOVERY :: score=96 source=computed date=2026-04-18
[2026-04-18T22:33:40.909Z] STATS :: steps=542 azm=0 active=0 floors=0 rhr=72 hrv=35 br=? spo2=? readiness=? sleep=432m deep=97m rem=102m eff=95%
[2026-04-18T22:48:43.184Z] SLEEP_PARSE: format=stages | deep=97m rem=102m light=232m wake=23m | efficiency=95 minutesAsleep=432
[2026-04-18T22:48:43.235Z] br FAILED :: 403 Fitbit 403: {
  "error": {
    "code": 403,
    "message": "The caller does not have permission",
    "status": "PERMISSION_DENIED"
  }
}

[2026-04-18T22:48:43.298Z] sleepScore FAILED :: 404 Fitbit 404: 
[2026-04-18T22:48:43.336Z] spo2 FAILED :: 403 Fitbit 403: {
  "error": {
    "code": 403,
    "message": "The caller does not have permission",
    "status": "PERMISSION_DENIED"
  }
}

[2026-04-18T22:48:43.387Z] readiness FAILED :: 404 Fitbit 404: {"errors":[{"errorType":"not_found","fieldName":"n/a","message":"The API you are requesting could not be found."}],"success":fal
[2026-04-18T22:48:43.388Z] cardioscore FAILED :: 403 Fitbit 403: This application does not have permission to READ CARDIO_FITNESS data. Visit https://dev.fitbit.com/docs/oauth2 for more informa
[2026-04-18T22:48:43.388Z] RECOVERY :: score=96 source=computed date=2026-04-18
[2026-04-18T22:48:43.389Z] STATS :: steps=542 azm=0 active=0 floors=0 rhr=72 hrv=35 br=? spo2=? readiness=? sleep=432m deep=97m rem=102m eff=95%
[2026-04-18T23:03:40.618Z] SLEEP_PARSE: format=stages | deep=97m rem=102m light=232m wake=23m | efficiency=95 minutesAsleep=432
[2026-04-18T23:03:40.772Z] sleepScore FAILED :: 404 Fitbit 404: 
[2026-04-18T23:03:40.818Z] readiness FAILED :: 404 Fitbit 404: {"errors":[{"errorType":"not_found","fieldName":"n/a","message":"The API you are requesting could not be found."}],"success":fal
[2026-04-18T23:03:41.532Z] SLEEP_PARSE: format=stages | deep=97m rem=102m light=232m wake=23m | efficiency=95 minutesAsleep=432
[2026-04-18T23:03:41.598Z] spo2 FAILED :: 403 Fitbit 403: {
  "error": {
    "code": 403,
    "message": "The caller does not have permission",
    "status": "PERMISSION_DENIED"
  }
}

[2026-04-18T23:03:41.615Z] br FAILED :: 403 Fitbit 403: {
  "error": {
    "code": 403,
    "message": "The caller does not have permission",
    "status": "PERMISSION_DENIED"
  }
}

[2026-04-18T23:03:41.638Z] readiness FAILED :: 404 Fitbit 404: {"errors":[{"errorType":"not_found","fieldName":"n/a","message":"The API you are requesting could not be found."}],"success":fal
[2026-04-18T23:03:41.672Z] sleepScore FAILED :: 404 Fitbit 404: 
[2026-04-18T23:03:41.708Z] cardioscore FAILED :: 403 Fitbit 403: This application does not have permission to READ CARDIO_FITNESS data. Visit https://dev.fitbit.com/docs/oauth2 for more informa
[2026-04-18T23:03:41.768Z] RECOVERY :: score=96 source=computed date=2026-04-18
[2026-04-18T23:03:41.769Z] STATS :: steps=542 azm=0 active=0 floors=0 rhr=72 hrv=35 br=? spo2=? readiness=? sleep=432m deep=97m rem=102m eff=95%
[2026-04-18T23:18:42.541Z] SLEEP_PARSE: format=stages | deep=97m rem=102m light=232m wake=23m | efficiency=95 minutesAsleep=432
[2026-04-18T23:18:42.591Z] br FAILED :: 403 Fitbit 403: {
  "error": {
    "code": 403,
    "message": "The caller does not have permission",
    "status": "PERMISSION_DENIED"
  }
}

[2026-04-18T23:18:42.659Z] sleepScore FAILED :: 404 Fitbit 404: 
[2026-04-18T23:18:42.720Z] spo2 FAILED :: 403 Fitbit 403: {
  "error": {
    "code": 403,
    "message": "The caller does not have permission",
    "status": "PERMISSION_DENIED"
  }
}

[2026-04-18T23:18:42.726Z] readiness FAILED :: 404 Fitbit 404: {"errors":[{"errorType":"not_found","fieldName":"n/a","message":"The API you are requesting could not be found."}],"success":fal
[2026-04-18T23:18:42.727Z] cardioscore FAILED :: 403 Fitbit 403: This application does not have permission to READ CARDIO_FITNESS data. Visit https://dev.fitbit.com/docs/oauth2 for more informa
[2026-04-18T23:18:42.727Z] RECOVERY :: score=96 source=computed date=2026-04-18
[2026-04-18T23:18:42.728Z] STATS :: steps=542 azm=0 active=0 floors=0 rhr=72 hrv=35 br=? spo2=? readiness=? sleep=432m deep=97m rem=102m eff=95%
[2026-04-18T23:33:40.506Z] SLEEP_PARSE: format=stages | deep=97m rem=102m light=232m wake=23m | efficiency=95 minutesAsleep=432
[2026-04-18T23:33:40.663Z] sleepScore FAILED :: 404 Fitbit 404: 
[2026-04-18T23:33:40.686Z] readiness FAILED :: 404 Fitbit 404: {"errors":[{"errorType":"not_found","fieldName":"n/a","message":"The API you are requesting could not be found."}],"success":fal
[2026-04-18T23:33:42.736Z] SLEEP_PARSE: format=stages | deep=97m rem=102m light=232m wake=23m | efficiency=95 minutesAsleep=432
[2026-04-18T23:33:42.799Z] br FAILED :: 403 Fitbit 403: {
  "error": {
    "code": 403,
    "message": "The caller does not have permission",
    "status": "PERMISSION_DENIED"
  }
}

[2026-04-18T23:33:42.834Z] sleepScore FAILED :: 404 Fitbit 404: 
[2026-04-18T23:33:42.887Z] spo2 FAILED :: 403 Fitbit 403: {
  "error": {
    "code": 403,
    "message": "The caller does not have permission",
    "status": "PERMISSION_DENIED"
  }
}

[2026-04-18T23:33:42.920Z] readiness FAILED :: 404 Fitbit 404: {"errors":[{"errorType":"not_found","fieldName":"n/a","message":"The API you are requesting could not be found."}],"success":fal
[2026-04-18T23:33:42.955Z] cardioscore FAILED :: 403 Fitbit 403: This application does not have permission to READ CARDIO_FITNESS data. Visit https://dev.fitbit.com/docs/oauth2 for more informa
[2026-04-18T23:33:42.956Z] RECOVERY :: score=96 source=computed date=2026-04-18
[2026-04-18T23:33:42.956Z] STATS :: steps=567 azm=0 active=0 floors=0 rhr=72 hrv=35 br=? spo2=? readiness=? sleep=432m deep=97m rem=102m eff=95%
[2026-04-18T23:48:43.323Z] SLEEP_PARSE: format=stages | deep=97m rem=102m light=232m wake=23m | efficiency=95 minutesAsleep=432
[2026-04-18T23:48:43.376Z] br FAILED :: 403 Fitbit 403: {
  "error": {
    "code": 403,
    "message": "The caller does not have permission",
    "status": "PERMISSION_DENIED"
  }
}

[2026-04-18T23:48:43.430Z] sleepScore FAILED :: 404 Fitbit 404: 
[2026-04-18T23:48:43.451Z] spo2 FAILED :: 403 Fitbit 403: {
  "error": {
    "code": 403,
    "message": "The caller does not have permission",
    "status": "PERMISSION_DENIED"
  }
}

[2026-04-18T23:48:43.492Z] readiness FAILED :: 404 Fitbit 404: {"errors":[{"errorType":"not_found","fieldName":"n/a","message":"The API you are requesting could not be found."}],"success":fal
[2026-04-18T23:48:43.507Z] cardioscore FAILED :: 403 Fitbit 403: This application does not have permission to READ CARDIO_FITNESS data. Visit https://dev.fitbit.com/docs/oauth2 for more informa
[2026-04-18T23:48:43.508Z] RECOVERY :: score=96 source=computed date=2026-04-18
[2026-04-18T23:48:43.509Z] STATS :: steps=619 azm=0 active=0 floors=0 rhr=72 hrv=35 br=? spo2=? readiness=? sleep=432m deep=97m rem=102m eff=95%
[2026-04-19T00:03:40.551Z] SLEEP_PARSE: format=stages | deep=97m rem=102m light=232m wake=23m | efficiency=95 minutesAsleep=432
[2026-04-19T00:03:40.694Z] sleepScore FAILED :: 404 Fitbit 404: 
[2026-04-19T00:03:40.797Z] readiness FAILED :: 404 Fitbit 404: {"errors":[{"errorType":"not_found","fieldName":"n/a","message":"The API you are requesting could not be found."}],"success":fal
[2026-04-19T00:03:44.644Z] SLEEP_PARSE: format=stages | deep=97m rem=102m light=232m wake=23m | efficiency=95 minutesAsleep=432
[2026-04-19T00:03:44.715Z] br FAILED :: 403 Fitbit 403: {
  "error": {
    "code": 403,
    "message": "The caller does not have permission",
    "status": "PERMISSION_DENIED"
  }
}

[2026-04-19T00:03:44.761Z] sleepScore FAILED :: 404 Fitbit 404: 
[2026-04-19T00:03:44.812Z] spo2 FAILED :: 403 Fitbit 403: {
  "error": {
    "code": 403,
    "message": "The caller does not have permission",
    "status": "PERMISSION_DENIED"
  }
}

[2026-04-19T00:03:44.846Z] readiness FAILED :: 404 Fitbit 404: {"errors":[{"errorType":"not_found","fieldName":"n/a","message":"The API you are requesting could not be found."}],"success":fal
[2026-04-19T00:03:44.891Z] cardioscore FAILED :: 403 Fitbit 403: This application does not have permission to READ CARDIO_FITNESS data. Visit https://dev.fitbit.com/docs/oauth2 for more informa
[2026-04-19T00:03:44.892Z] RECOVERY :: score=96 source=computed date=2026-04-18
[2026-04-19T00:03:44.892Z] STATS :: steps=663 azm=0 active=0 floors=1 rhr=72 hrv=35 br=? spo2=? readiness=? sleep=432m deep=97m rem=102m eff=95%
[2026-04-19T00:18:44.745Z] SLEEP_PARSE: format=stages | deep=97m rem=102m light=232m wake=23m | efficiency=95 minutesAsleep=432
[2026-04-19T00:18:44.798Z] br FAILED :: 403 Fitbit 403: {
  "error": {
    "code": 403,
    "message": "The caller does not have permission",
    "status": "PERMISSION_DENIED"
  }
}

[2026-04-19T00:18:44.847Z] sleepScore FAILED :: 404 Fitbit 404: 
[2026-04-19T00:18:44.885Z] spo2 FAILED :: 403 Fitbit 403: {
  "error": {
    "code": 403,
    "message": "The caller does not have permission",
    "status": "PERMISSION_DENIED"
  }
}

[2026-04-19T00:18:44.920Z] readiness FAILED :: 404 Fitbit 404: {"errors":[{"errorType":"not_found","fieldName":"n/a","message":"The API you are requesting could not be found."}],"success":fal
[2026-04-19T00:18:44.921Z] cardioscore FAILED :: 403 Fitbit 403: This application does not have permission to READ CARDIO_FITNESS data. Visit https://dev.fitbit.com/docs/oauth2 for more informa
[2026-04-19T00:18:44.921Z] RECOVERY :: score=96 source=computed date=2026-04-18
[2026-04-19T00:18:44.923Z] STATS :: steps=691 azm=0 active=0 floors=1 rhr=72 hrv=35 br=? spo2=? readiness=? sleep=432m deep=97m rem=102m eff=95%
[2026-04-19T00:33:41.083Z] SLEEP_PARSE: format=stages | deep=97m rem=102m light=232m wake=23m | efficiency=95 minutesAsleep=432
[2026-04-19T00:33:41.236Z] sleepScore FAILED :: 404 Fitbit 404: 
[2026-04-19T00:33:41.286Z] readiness FAILED :: 404 Fitbit 404: {"errors":[{"errorType":"not_found","fieldName":"n/a","message":"The API you are requesting could not be found."}],"success":fal
[2026-04-19T00:33:50.590Z] SLEEP_PARSE: format=stages | deep=97m rem=102m light=232m wake=23m | efficiency=95 minutesAsleep=432
[2026-04-19T00:33:50.662Z] br FAILED :: 403 Fitbit 403: {
  "error": {
    "code": 403,
    "message": "The caller does not have permission",
    "status": "PERMISSION_DENIED"
  }
}

[2026-04-19T00:33:50.722Z] spo2 FAILED :: 403 Fitbit 403: {
  "error": {
    "code": 403,
    "message": "The caller does not have permission",
    "status": "PERMISSION_DENIED"
  }
}

[2026-04-19T00:33:50.771Z] sleepScore FAILED :: 404 Fitbit 404: 
[2026-04-19T00:33:50.774Z] cardioscore FAILED :: 403 Fitbit 403: This application does not have permission to READ CARDIO_FITNESS data. Visit https://dev.fitbit.com/docs/oauth2 for more informa
[2026-04-19T00:33:50.778Z] readiness FAILED :: 404 Fitbit 404: {"errors":[{"errorType":"not_found","fieldName":"n/a","message":"The API you are requesting could not be found."}],"success":fal
[2026-04-19T00:33:50.779Z] RECOVERY :: score=96 source=computed date=2026-04-18
[2026-04-19T00:33:50.779Z] STATS :: steps=691 azm=0 active=0 floors=1 rhr=72 hrv=35 br=? spo2=? readiness=? sleep=432m deep=97m rem=102m eff=95%
[2026-04-19T00:48:45.746Z] SLEEP_PARSE: format=stages | deep=97m rem=102m light=232m wake=23m | efficiency=95 minutesAsleep=432
[2026-04-19T00:48:45.800Z] br FAILED :: 403 Fitbit 403: {
  "error": {
    "code": 403,
    "message": "The caller does not have permission",
    "status": "PERMISSION_DENIED"
  }
}

[2026-04-19T00:48:45.859Z] sleepScore FAILED :: 404 Fitbit 404: 
[2026-04-19T00:48:45.880Z] spo2 FAILED :: 403 Fitbit 403: {
  "error": {
    "code": 403,
    "message": "The caller does not have permission",
    "status": "PERMISSION_DENIED"
  }
}

[2026-04-19T00:48:45.935Z] cardioscore FAILED :: 403 Fitbit 403: This application does not have permission to READ CARDIO_FITNESS data. Visit https://dev.fitbit.com/docs/oauth2 for more informa
[2026-04-19T00:48:45.950Z] readiness FAILED :: 404 Fitbit 404: {"errors":[{"errorType":"not_found","fieldName":"n/a","message":"The API you are requesting could not be found."}],"success":fal
[2026-04-19T00:48:45.950Z] RECOVERY :: score=96 source=computed date=2026-04-18
[2026-04-19T00:48:45.951Z] STATS :: steps=691 azm=0 active=0 floors=1 rhr=72 hrv=35 br=? spo2=? readiness=? sleep=432m deep=97m rem=102m eff=95%
[2026-04-19T01:03:41.264Z] SLEEP_PARSE: format=stages | deep=97m rem=102m light=232m wake=23m | efficiency=95 minutesAsleep=432
[2026-04-19T01:03:41.362Z] sleepScore FAILED :: 404 Fitbit 404: 
[2026-04-19T01:03:41.460Z] readiness FAILED :: 404 Fitbit 404: {"errors":[{"errorType":"not_found","fieldName":"n/a","message":"The API you are requesting could not be found."}],"success":fal
[2026-04-19T01:03:45.284Z] SLEEP_PARSE: format=stages | deep=97m rem=102m light=232m wake=23m | efficiency=95 minutesAsleep=432
[2026-04-19T01:03:45.338Z] br FAILED :: 403 Fitbit 403: {
  "error": {
    "code": 403,
    "message": "The caller does not have permission",
    "status": "PERMISSION_DENIED"
  }
}

[2026-04-19T01:03:45.393Z] sleepScore FAILED :: 404 Fitbit 404: 
[2026-04-19T01:03:45.423Z] spo2 FAILED :: 403 Fitbit 403: {
  "error": {
    "code": 403,
    "message": "The caller does not have permission",
    "status": "PERMISSION_DENIED"
  }
}

[2026-04-19T01:03:45.454Z] cardioscore FAILED :: 403 Fitbit 403: This application does not have permission to READ CARDIO_FITNESS data. Visit https://dev.fitbit.com/docs/oauth2 for more informa
[2026-04-19T01:03:45.466Z] readiness FAILED :: 404 Fitbit 404: {"errors":[{"errorType":"not_found","fieldName":"n/a","message":"The API you are requesting could not be found."}],"success":fal
[2026-04-19T01:03:47.953Z] RECOVERY :: score=96 source=computed date=2026-04-18
[2026-04-19T01:03:47.954Z] STATS :: steps=691 azm=0 active=0 floors=1 rhr=72 hrv=35 br=? spo2=? readiness=? sleep=432m deep=97m rem=102m eff=95%
[2026-04-19T01:18:45.793Z] SLEEP_PARSE: format=stages | deep=97m rem=102m light=232m wake=23m | efficiency=95 minutesAsleep=432
[2026-04-19T01:18:45.858Z] br FAILED :: 403 Fitbit 403: {
  "error": {
    "code": 403,
    "message": "The caller does not have permission",
    "status": "PERMISSION_DENIED"
  }
}

[2026-04-19T01:18:45.924Z] sleepScore FAILED :: 404 Fitbit 404: 
[2026-04-19T01:18:45.944Z] spo2 FAILED :: 403 Fitbit 403: {
  "error": {
    "code": 403,
    "message": "The caller does not have permission",
    "status": "PERMISSION_DENIED"
  }
}

[2026-04-19T01:18:45.975Z] readiness FAILED :: 404 Fitbit 404: {"errors":[{"errorType":"not_found","fieldName":"n/a","message":"The API you are requesting could not be found."}],"success":fal
[2026-04-19T01:18:45.986Z] cardioscore FAILED :: 403 Fitbit 403: This application does not have permission to READ CARDIO_FITNESS data. Visit https://dev.fitbit.com/docs/oauth2 for more informa
[2026-04-19T01:18:45.987Z] RECOVERY :: score=96 source=computed date=2026-04-18
[2026-04-19T01:18:45.987Z] STATS :: steps=691 azm=0 active=0 floors=1 rhr=72 hrv=35 br=? spo2=? readiness=? sleep=432m deep=97m rem=102m eff=95%
[2026-04-19T01:33:42.279Z] SLEEP_PARSE: format=stages | deep=97m rem=102m light=232m wake=23m | efficiency=95 minutesAsleep=432
[2026-04-19T01:33:42.382Z] sleepScore FAILED :: 404 Fitbit 404: 
[2026-04-19T01:33:42.451Z] readiness FAILED :: 404 Fitbit 404: {"errors":[{"errorType":"not_found","fieldName":"n/a","message":"The API you are requesting could not be found."}],"success":fal
[2026-04-19T01:33:46.180Z] SLEEP_PARSE: format=stages | deep=97m rem=102m light=232m wake=23m | efficiency=95 minutesAsleep=432
[2026-04-19T01:33:46.280Z] br FAILED :: 403 Fitbit 403: {
  "error": {
    "code": 403,
    "message": "The caller does not have permission",
    "status": "PERMISSION_DENIED"
  }
}

[2026-04-19T01:33:46.293Z] hrv FAILED :: 503 Fitbit 503: Request was not processed by the server due to an error and is safe to retry
[2026-04-19T01:33:46.297Z] sleepScore FAILED :: 404 Fitbit 404: 
[2026-04-19T01:33:46.368Z] spo2 FAILED :: 403 Fitbit 403: {
  "error": {
    "code": 403,
    "message": "The caller does not have permission",
    "status": "PERMISSION_DENIED"
  }
}

[2026-04-19T01:33:46.423Z] readiness FAILED :: 404 Fitbit 404: {"errors":[{"errorType":"not_found","fieldName":"n/a","message":"The API you are requesting could not be found."}],"success":fal
[2026-04-19T01:33:46.443Z] cardioscore FAILED :: 403 Fitbit 403: This application does not have permission to READ CARDIO_FITNESS data. Visit https://dev.fitbit.com/docs/oauth2 for more informa
[2026-04-19T01:33:46.443Z] RECOVERY :: score=96 source=computed date=2026-04-18
[2026-04-19T01:33:46.444Z] STATS :: steps=737 azm=0 active=0 floors=1 rhr=72 hrv=? br=? spo2=? readiness=? sleep=432m deep=97m rem=102m eff=95%
[2026-04-19T15:35:18.660Z] hrv FAILED :: ? BIOMETRIC LINK SEVERED — re-auth required
[2026-04-19T15:35:18.661Z] br FAILED :: ? BIOMETRIC LINK SEVERED — re-auth required
[2026-04-19T15:35:18.662Z] spo2 FAILED :: ? BIOMETRIC LINK SEVERED — re-auth required
[2026-04-19T15:35:18.663Z] readiness FAILED :: ? BIOMETRIC LINK SEVERED — re-auth required
[2026-04-19T15:35:18.669Z] cardioscore FAILED :: ? BIOMETRIC LINK SEVERED — re-auth required
[2026-04-19T15:35:18.669Z] STATS :: steps=0 azm=0 active=0 floors=0 rhr=? hrv=? br=? spo2=? readiness=? sleep=0m deep=0m rem=0m eff=?%
[2026-04-19T15:50:19.141Z] spo2 FAILED :: 403 Fitbit 403: {
  "error": {
    "code": 403,
    "message": "The caller does not have permission",
    "status": "PERMISSION_DENIED"
  }
}

[2026-04-19T15:50:19.142Z] br FAILED :: 403 Fitbit 403: {
  "error": {
    "code": 403,
    "message": "The caller does not have permission",
    "status": "PERMISSION_DENIED"
  }
}

[2026-04-19T15:50:19.258Z] cardioscore FAILED :: 403 Fitbit 403: This application does not have permission to READ CARDIO_FITNESS data. Visit https://dev.fitbit.com/docs/oauth2 for more informa
[2026-04-19T15:50:19.271Z] readiness FAILED :: 404 Fitbit 404: {"errors":[{"errorType":"not_found","fieldName":"n/a","message":"The API you are requesting could not be found."}],"success":fal
[2026-04-19T15:50:19.272Z] STATS :: steps=0 azm=0 active=0 floors=0 rhr=73 hrv=38 br=? spo2=? readiness=? sleep=0m deep=0m rem=0m eff=?%
[2026-04-19T16:05:19.053Z] SLEEP_PARSE: format=stages | deep=133m rem=187m light=325m wake=46m | efficiency=93 minutesAsleep=645
[2026-04-19T16:05:19.170Z] readiness FAILED :: 404 Fitbit 404: {"errors":[{"errorType":"not_found","fieldName":"n/a","message":"The API you are requesting could not be found."}],"success":fal
[2026-04-19T16:05:19.244Z] sleepScore FAILED :: 404 Fitbit 404: 
[2026-04-19T16:05:19.267Z] SLEEP_PARSE: format=stages | deep=133m rem=187m light=325m wake=46m | efficiency=93 minutesAsleep=645
[2026-04-19T16:05:19.335Z] spo2 FAILED :: 403 Fitbit 403: {
  "error": {
    "code": 403,
    "message": "The caller does not have permission",
    "status": "PERMISSION_DENIED"
  }
}

[2026-04-19T16:05:19.340Z] br FAILED :: 403 Fitbit 403: {
  "error": {
    "code": 403,
    "message": "The caller does not have permission",
    "status": "PERMISSION_DENIED"
  }
}

[2026-04-19T16:05:19.374Z] sleepScore FAILED :: 404 Fitbit 404: 
[2026-04-19T16:05:19.467Z] readiness FAILED :: 404 Fitbit 404: {"errors":[{"errorType":"not_found","fieldName":"n/a","message":"The API you are requesting could not be found."}],"success":fal
[2026-04-19T16:05:19.485Z] cardioscore FAILED :: 403 Fitbit 403: This application does not have permission to READ CARDIO_FITNESS data. Visit https://dev.fitbit.com/docs/oauth2 for more informa
[2026-04-19T16:05:19.486Z] RECOVERY :: score=98 source=computed date=2026-04-19
[2026-04-19T16:05:19.486Z] STATS :: steps=1527 azm=0 active=0 floors=2 rhr=73 hrv=38 br=? spo2=? readiness=? sleep=645m deep=133m rem=187m eff=93%
[2026-04-19T16:06:35.131Z] SLEEP_PARSE: format=stages | deep=133m rem=187m light=325m wake=46m | efficiency=93 minutesAsleep=645
[2026-04-19T16:06:35.231Z] readiness FAILED :: 404 Fitbit 404: {"errors":[{"errorType":"not_found","fieldName":"n/a","message":"The API you are requesting could not be found."}],"success":fal
[2026-04-19T16:06:35.239Z] sleepScore FAILED :: 404 Fitbit 404: 
[2026-04-19T16:06:35.396Z] SLEEP_PARSE: format=stages | deep=133m rem=187m light=325m wake=46m | efficiency=93 minutesAsleep=645
[2026-04-19T16:06:35.449Z] br FAILED :: 403 Fitbit 403: {
  "error": {
    "code": 403,
    "message": "The caller does not have permission",
    "status": "PERMISSION_DENIED"
  }
}

[2026-04-19T16:06:35.500Z] sleepScore FAILED :: 404 Fitbit 404: 
[2026-04-19T16:06:35.520Z] spo2 FAILED :: 403 Fitbit 403: {
  "error": {
    "code": 403,
    "message": "The caller does not have permission",
    "status": "PERMISSION_DENIED"
  }
}

[2026-04-19T16:06:35.574Z] cardioscore FAILED :: 403 Fitbit 403: This application does not have permission to READ CARDIO_FITNESS data. Visit https://dev.fitbit.com/docs/oauth2 for more informa
[2026-04-19T16:06:35.574Z] readiness FAILED :: 404 Fitbit 404: {"errors":[{"errorType":"not_found","fieldName":"n/a","message":"The API you are requesting could not be found."}],"success":fal
[2026-04-19T16:06:35.575Z] RECOVERY :: score=98 source=computed date=2026-04-19
[2026-04-19T16:06:35.576Z] STATS :: steps=1527 azm=0 active=0 floors=2 rhr=73 hrv=38 br=? spo2=? readiness=? sleep=645m deep=133m rem=187m eff=93%
[2026-04-19T16:06:35.636Z] SLEEP_PARSE: format=stages | deep=133m rem=187m light=325m wake=46m | efficiency=93 minutesAsleep=645
[2026-04-19T16:06:35.751Z] readiness FAILED :: 404 Fitbit 404: {"errors":[{"errorType":"not_found","fieldName":"n/a","message":"The API you are requesting could not be found."}],"success":fal
[2026-04-19T16:06:35.766Z] sleepScore FAILED :: 404 Fitbit 404: 
[2026-04-19T16:06:36.036Z] SLEEP_PARSE: format=stages | deep=133m rem=187m light=325m wake=46m | efficiency=93 minutesAsleep=645
[2026-04-19T16:06:36.096Z] br FAILED :: 403 Fitbit 403: {
  "error": {
    "code": 403,
    "message": "The caller does not have permission",
    "status": "PERMISSION_DENIED"
  }
}

[2026-04-19T16:06:36.099Z] spo2 FAILED :: 403 Fitbit 403: {
  "error": {
    "code": 403,
    "message": "The caller does not have permission",
    "status": "PERMISSION_DENIED"
  }
}

[2026-04-19T16:06:36.141Z] readiness FAILED :: 404 Fitbit 404: {"errors":[{"errorType":"not_found","fieldName":"n/a","message":"The API you are requesting could not be found."}],"success":fal
[2026-04-19T16:06:36.170Z] sleepScore FAILED :: 404 Fitbit 404: 
[2026-04-19T16:06:36.172Z] cardioscore FAILED :: 403 Fitbit 403: This application does not have permission to READ CARDIO_FITNESS data. Visit https://dev.fitbit.com/docs/oauth2 for more informa
[2026-04-19T16:06:36.173Z] RECOVERY :: score=98 source=computed date=2026-04-19
[2026-04-19T16:06:36.173Z] STATS :: steps=1527 azm=0 active=0 floors=2 rhr=73 hrv=38 br=? spo2=? readiness=? sleep=645m deep=133m rem=187m eff=93%
[2026-04-19T16:12:18.238Z] SLEEP_PARSE: format=stages | deep=133m rem=187m light=325m wake=46m | efficiency=93 minutesAsleep=645
[2026-04-19T16:12:18.359Z] sleepScore FAILED :: 404 Fitbit 404: 
[2026-04-19T16:12:18.427Z] readiness FAILED :: 404 Fitbit 404: {"errors":[{"errorType":"not_found","fieldName":"n/a","message":"The API you are requesting could not be found."}],"success":fal
[2026-04-19T16:12:18.821Z] SLEEP_PARSE: format=stages | deep=133m rem=187m light=325m wake=46m | efficiency=93 minutesAsleep=645
[2026-04-19T16:12:18.917Z] readiness FAILED :: 404 Fitbit 404: {"errors":[{"errorType":"not_found","fieldName":"n/a","message":"The API you are requesting could not be found."}],"success":fal
[2026-04-19T16:12:19.017Z] sleepScore FAILED :: 404 Fitbit 404: 
[2026-04-19T16:12:23.924Z] SLEEP_PARSE: format=stages | deep=133m rem=187m light=325m wake=46m | efficiency=93 minutesAsleep=645
[2026-04-19T16:12:24.045Z] br FAILED :: 403 Fitbit 403: {
  "error": {
    "code": 403,
    "message": "The caller does not have permission",
    "status": "PERMISSION_DENIED"
  }
}

[2026-04-19T16:12:24.108Z] spo2 FAILED :: 403 Fitbit 403: {
  "error": {
    "code": 403,
    "message": "The caller does not have permission",
    "status": "PERMISSION_DENIED"
  }
}

[2026-04-19T16:12:24.121Z] sleepScore FAILED :: 404 Fitbit 404: 
[2026-04-19T16:12:24.127Z] readiness FAILED :: 404 Fitbit 404: {"errors":[{"errorType":"not_found","fieldName":"n/a","message":"The API you are requesting could not be found."}],"success":fal
[2026-04-19T16:12:26.318Z] cardioscore FAILED :: 403 Fitbit 403: This application does not have permission to READ CARDIO_FITNESS data. Visit https://dev.fitbit.com/docs/oauth2 for more informa
[2026-04-19T16:12:26.318Z] RECOVERY :: score=98 source=computed date=2026-04-19
[2026-04-19T16:12:26.319Z] STATS :: steps=1527 azm=0 active=0 floors=2 rhr=73 hrv=38 br=? spo2=? readiness=? sleep=645m deep=133m rem=187m eff=93%
[2026-04-19T16:12:26.353Z] SLEEP_PARSE: format=stages | deep=133m rem=187m light=325m wake=46m | efficiency=93 minutesAsleep=645
[2026-04-19T16:12:26.451Z] readiness FAILED :: 404 Fitbit 404: {"errors":[{"errorType":"not_found","fieldName":"n/a","message":"The API you are requesting could not be found."}],"success":fal
[2026-04-19T16:12:26.460Z] sleepScore FAILED :: 404 Fitbit 404: 
[2026-04-19T16:12:26.819Z] SLEEP_PARSE: format=stages | deep=133m rem=187m light=325m wake=46m | efficiency=93 minutesAsleep=645
[2026-04-19T16:12:26.917Z] readiness FAILED :: 404 Fitbit 404: {"errors":[{"errorType":"not_found","fieldName":"n/a","message":"The API you are requesting could not be found."}],"success":fal
[2026-04-19T16:12:26.951Z] sleepScore FAILED :: 404 Fitbit 404: 
[2026-04-19T16:12:27.257Z] SLEEP_PARSE: format=stages | deep=133m rem=187m light=325m wake=46m | efficiency=93 minutesAsleep=645
[2026-04-19T16:12:27.316Z] spo2 FAILED :: 403 Fitbit 403: {
  "error": {
    "code": 403,
    "message": "The caller does not have permission",
    "status": "PERMISSION_DENIED"
  }
}

[2026-04-19T16:12:27.323Z] br FAILED :: 403 Fitbit 403: {
  "error": {
    "code": 403,
    "message": "The caller does not have permission",
    "status": "PERMISSION_DENIED"
  }
}

[2026-04-19T16:12:27.371Z] sleepScore FAILED :: 404 Fitbit 404: 
[2026-04-19T16:12:27.372Z] cardioscore FAILED :: 403 Fitbit 403: This application does not have permission to READ CARDIO_FITNESS data. Visit https://dev.fitbit.com/docs/oauth2 for more informa
[2026-04-19T16:12:27.373Z] readiness FAILED :: 404 Fitbit 404: {"errors":[{"errorType":"not_found","fieldName":"n/a","message":"The API you are requesting could not be found."}],"success":fal
[2026-04-19T16:12:27.373Z] RECOVERY :: score=98 source=computed date=2026-04-19
[2026-04-19T16:12:27.374Z] STATS :: steps=1527 azm=0 active=0 floors=2 rhr=73 hrv=38 br=? spo2=? readiness=? sleep=645m deep=133m rem=187m eff=93%
[2026-04-19T16:12:46.617Z] SLEEP_PARSE: format=stages | deep=133m rem=187m light=325m wake=46m | efficiency=93 minutesAsleep=645
[2026-04-19T16:12:46.712Z] readiness FAILED :: 404 Fitbit 404: {"errors":[{"errorType":"not_found","fieldName":"n/a","message":"The API you are requesting could not be found."}],"success":fal
[2026-04-19T16:12:46.727Z] sleepScore FAILED :: 404 Fitbit 404: 
[2026-04-19T16:12:46.794Z] SLEEP_PARSE: format=stages | deep=133m rem=187m light=325m wake=46m | efficiency=93 minutesAsleep=645
[2026-04-19T16:12:46.862Z] spo2 FAILED :: 403 Fitbit 403: {
  "error": {
    "code": 403,
    "message": "The caller does not have permission",
    "status": "PERMISSION_DENIED"
  }
}

[2026-04-19T16:12:46.882Z] br FAILED :: 403 Fitbit 403: {
  "error": {
    "code": 403,
    "message": "The caller does not have permission",
    "status": "PERMISSION_DENIED"
  }
}

[2026-04-19T16:12:46.906Z] sleepScore FAILED :: 404 Fitbit 404: 
[2026-04-19T16:12:46.912Z] readiness FAILED :: 404 Fitbit 404: {"errors":[{"errorType":"not_found","fieldName":"n/a","message":"The API you are requesting could not be found."}],"success":fal
[2026-04-19T16:12:46.966Z] cardioscore FAILED :: 403 Fitbit 403: This application does not have permission to READ CARDIO_FITNESS data. Visit https://dev.fitbit.com/docs/oauth2 for more informa
[2026-04-19T16:12:46.967Z] RECOVERY :: score=98 source=computed date=2026-04-19
[2026-04-19T16:12:46.967Z] STATS :: steps=1527 azm=0 active=0 floors=2 rhr=73 hrv=38 br=? spo2=? readiness=? sleep=645m deep=133m rem=187m eff=93%
[2026-04-19T16:12:46.998Z] SLEEP_PARSE: format=stages | deep=133m rem=187m light=325m wake=46m | efficiency=93 minutesAsleep=645
[2026-04-19T16:12:47.057Z] br FAILED :: 403 Fitbit 403: {
  "error": {
    "code": 403,
    "message": "The caller does not have permission",
    "status": "PERMISSION_DENIED"
  }
}

[2026-04-19T16:12:47.076Z] spo2 FAILED :: 403 Fitbit 403: {
  "error": {
    "code": 403,
    "message": "The caller does not have permission",
    "status": "PERMISSION_DENIED"
  }
}

[2026-04-19T16:12:47.122Z] sleepScore FAILED :: 404 Fitbit 404: 
[2026-04-19T16:12:47.125Z] cardioscore FAILED :: 403 Fitbit 403: This application does not have permission to READ CARDIO_FITNESS data. Visit https://dev.fitbit.com/docs/oauth2 for more informa
[2026-04-19T16:12:47.131Z] readiness FAILED :: 404 Fitbit 404: {"errors":[{"errorType":"not_found","fieldName":"n/a","message":"The API you are requesting could not be found."}],"success":fal
[2026-04-19T16:12:47.132Z] RECOVERY :: score=98 source=computed date=2026-04-19
[2026-04-19T16:12:47.132Z] STATS :: steps=1527 azm=0 active=0 floors=2 rhr=73 hrv=38 br=? spo2=? readiness=? sleep=645m deep=133m rem=187m eff=93%
[2026-04-19T16:12:47.157Z] SLEEP_PARSE: format=stages | deep=133m rem=187m light=325m wake=46m | efficiency=93 minutesAsleep=645
[2026-04-19T16:12:47.268Z] readiness FAILED :: 404 Fitbit 404: {"errors":[{"errorType":"not_found","fieldName":"n/a","message":"The API you are requesting could not be found."}],"success":fal
[2026-04-19T16:12:47.270Z] sleepScore FAILED :: 404 Fitbit 404: 
[2026-04-19T16:14:22.392Z] SLEEP_PARSE: format=stages | deep=133m rem=187m light=325m wake=46m | efficiency=93 minutesAsleep=645
[2026-04-19T16:14:22.446Z] br FAILED :: 403 Fitbit 403: {
  "error": {
    "code": 403,
    "message": "The caller does not have permission",
    "status": "PERMISSION_DENIED"
  }
}

[2026-04-19T16:14:22.510Z] sleepScore FAILED :: 404 Fitbit 404: 
[2026-04-19T16:14:22.557Z] cardioscore FAILED :: 403 Fitbit 403: This application does not have permission to READ CARDIO_FITNESS data. Visit https://dev.fitbit.com/docs/oauth2 for more informa
[2026-04-19T16:14:22.647Z] readiness FAILED :: 404 Fitbit 404: {"errors":[{"errorType":"not_found","fieldName":"n/a","message":"The API you are requesting could not be found."}],"success":fal
[2026-04-19T16:14:24.247Z] SLEEP_PARSE: format=stages | deep=133m rem=187m light=325m wake=46m | efficiency=93 minutesAsleep=645
[2026-04-19T16:14:24.307Z] br FAILED :: 403 Fitbit 403: {
  "error": {
    "code": 403,
    "message": "The caller does not have permission",
    "status": "PERMISSION_DENIED"
  }
}

[2026-04-19T16:14:24.308Z] spo2 FAILED :: 403 Fitbit 403: {
  "error": {
    "code": 403,
    "message": "The caller does not have permission",
    "status": "PERMISSION_DENIED"
  }
}

[2026-04-19T16:14:24.361Z] readiness FAILED :: 404 Fitbit 404: {"errors":[{"errorType":"not_found","fieldName":"n/a","message":"The API you are requesting could not be found."}],"success":fal
[2026-04-19T16:14:24.370Z] sleepScore FAILED :: 404 Fitbit 404: 
[2026-04-19T16:14:24.411Z] cardioscore FAILED :: 403 Fitbit 403: This application does not have permission to READ CARDIO_FITNESS data. Visit https://dev.fitbit.com/docs/oauth2 for more informa
[2026-04-19T16:14:24.412Z] RECOVERY :: score=98 source=computed date=2026-04-19
[2026-04-19T16:14:24.412Z] STATS :: steps=1527 azm=0 active=0 floors=2 rhr=73 hrv=38 br=? spo2=? readiness=? sleep=645m deep=133m rem=187m eff=93%
[2026-04-19T16:14:26.191Z] spo2 FAILED :: 403 Fitbit 403: {
  "error": {
    "code": 403,
    "message": "The caller does not have permission",
    "status": "PERMISSION_DENIED"
  }
}

[2026-04-19T16:14:26.191Z] RECOVERY :: score=98 source=computed date=2026-04-19
[2026-04-19T16:14:26.192Z] STATS :: steps=1527 azm=0 active=0 floors=2 rhr=73 hrv=38 br=? spo2=? readiness=? sleep=645m deep=133m rem=187m eff=93%
[2026-04-19T16:27:47.681Z] SLEEP_PARSE: format=stages | deep=133m rem=187m light=325m wake=46m | efficiency=93 minutesAsleep=645
[2026-04-19T16:27:47.746Z] br FAILED :: 403 Fitbit 403: {
  "error": {
    "code": 403,
    "message": "The caller does not have permission",
    "status": "PERMISSION_DENIED"
  }
}

[2026-04-19T16:27:47.823Z] sleepScore FAILED :: 404 Fitbit 404: 
[2026-04-19T16:27:47.844Z] readiness FAILED :: 404 Fitbit 404: {"errors":[{"errorType":"not_found","fieldName":"n/a","message":"The API you are requesting could not be found."}],"success":fal
[2026-04-19T16:27:47.859Z] spo2 FAILED :: 403 Fitbit 403: {
  "error": {
    "code": 403,
    "message": "The caller does not have permission",
    "status": "PERMISSION_DENIED"
  }
}

[2026-04-19T16:27:47.953Z] cardioscore FAILED :: 403 Fitbit 403: This application does not have permission to READ CARDIO_FITNESS data. Visit https://dev.fitbit.com/docs/oauth2 for more informa
[2026-04-19T16:27:47.954Z] RECOVERY :: score=98 source=computed date=2026-04-19
[2026-04-19T16:27:47.954Z] STATS :: steps=1527 azm=0 active=0 floors=2 rhr=73 hrv=38 br=? spo2=? readiness=? sleep=645m deep=133m rem=187m eff=93%
[2026-04-19T16:35:12.303Z] SLEEP_PARSE: format=stages | deep=133m rem=187m light=325m wake=46m | efficiency=93 minutesAsleep=645
[2026-04-19T16:35:12.392Z] readiness FAILED :: 404 Fitbit 404: {"errors":[{"errorType":"not_found","fieldName":"n/a","message":"The API you are requesting could not be found."}],"success":fal
[2026-04-19T16:35:12.517Z] SLEEP_PARSE: format=stages | deep=133m rem=187m light=325m wake=46m | efficiency=93 minutesAsleep=645
[2026-04-19T16:35:12.540Z] sleepScore FAILED :: 404 Fitbit 404: 
[2026-04-19T16:35:12.571Z] br FAILED :: 403 Fitbit 403: {
  "error": {
    "code": 403,
    "message": "The caller does not have permission",
    "status": "PERMISSION_DENIED"
  }
}

[2026-04-19T16:35:12.635Z] sleepScore FAILED :: 404 Fitbit 404: 
[2026-04-19T16:35:12.641Z] spo2 FAILED :: 403 Fitbit 403: {
  "error": {
    "code": 403,
    "message": "The caller does not have permission",
    "status": "PERMISSION_DENIED"
  }
}

[2026-04-19T16:35:12.686Z] readiness FAILED :: 404 Fitbit 404: {"errors":[{"errorType":"not_found","fieldName":"n/a","message":"The API you are requesting could not be found."}],"success":fal
[2026-04-19T16:35:12.702Z] cardioscore FAILED :: 403 Fitbit 403: This application does not have permission to READ CARDIO_FITNESS data. Visit https://dev.fitbit.com/docs/oauth2 for more informa
[2026-04-19T16:35:12.703Z] RECOVERY :: score=98 source=computed date=2026-04-19
[2026-04-19T16:35:12.703Z] STATS :: steps=1527 azm=0 active=0 floors=2 rhr=73 hrv=38 br=? spo2=? readiness=? sleep=645m deep=133m rem=187m eff=93%
[2026-04-19T16:35:13.081Z] SLEEP_PARSE: format=stages | deep=133m rem=187m light=325m wake=46m | efficiency=93 minutesAsleep=645
[2026-04-19T16:35:13.181Z] readiness FAILED :: 404 Fitbit 404: {"errors":[{"errorType":"not_found","fieldName":"n/a","message":"The API you are requesting could not be found."}],"success":fal
[2026-04-19T16:35:13.221Z] sleepScore FAILED :: 404 Fitbit 404: 
[2026-04-19T16:35:13.397Z] SLEEP_PARSE: format=stages | deep=133m rem=187m light=325m wake=46m | efficiency=93 minutesAsleep=645
[2026-04-19T16:35:13.462Z] spo2 FAILED :: 403 Fitbit 403: {
  "error": {
    "code": 403,
    "message": "The caller does not have permission",
    "status": "PERMISSION_DENIED"
  }
}

[2026-04-19T16:35:13.466Z] br FAILED :: 403 Fitbit 403: {
  "error": {
    "code": 403,
    "message": "The caller does not have permission",
    "status": "PERMISSION_DENIED"
  }
}

[2026-04-19T16:35:13.511Z] readiness FAILED :: 404 Fitbit 404: {"errors":[{"errorType":"not_found","fieldName":"n/a","message":"The API you are requesting could not be found."}],"success":fal
[2026-04-19T16:35:13.521Z] sleepScore FAILED :: 404 Fitbit 404: 
[2026-04-19T16:35:13.523Z] cardioscore FAILED :: 403 Fitbit 403: This application does not have permission to READ CARDIO_FITNESS data. Visit https://dev.fitbit.com/docs/oauth2 for more informa
[2026-04-19T16:35:13.523Z] RECOVERY :: score=98 source=computed date=2026-04-19
[2026-04-19T16:35:13.524Z] STATS :: steps=1527 azm=0 active=0 floors=2 rhr=73 hrv=38 br=? spo2=? readiness=? sleep=645m deep=133m rem=187m eff=93%
[2026-04-19T16:50:12.375Z] SLEEP_PARSE: format=stages | deep=133m rem=187m light=325m wake=46m | efficiency=93 minutesAsleep=645
[2026-04-19T16:50:12.450Z] br FAILED :: 403 Fitbit 403: {
  "error": {
    "code": 403,
    "message": "The caller does not have permission",
    "status": "PERMISSION_DENIED"
  }
}

[2026-04-19T16:50:12.466Z] hrv FAILED :: 503 Fitbit 503: Request was not processed by the server due to an error and is safe to retry
[2026-04-19T16:50:12.499Z] sleepScore FAILED :: 404 Fitbit 404: 
[2026-04-19T16:50:12.539Z] cardioscore FAILED :: 403 Fitbit 403: This application does not have permission to READ CARDIO_FITNESS data. Visit https://dev.fitbit.com/docs/oauth2 for more informa
[2026-04-19T16:50:12.554Z] readiness FAILED :: 404 Fitbit 404: {"errors":[{"errorType":"not_found","fieldName":"n/a","message":"The API you are requesting could not be found."}],"success":fal
[2026-04-19T16:50:12.579Z] spo2 FAILED :: 403 Fitbit 403: {
  "error": {
    "code": 403,
    "message": "The caller does not have permission",
    "status": "PERMISSION_DENIED"
  }
}

[2026-04-19T16:50:12.580Z] RECOVERY :: score=98 source=computed date=2026-04-19
[2026-04-19T16:50:12.581Z] STATS :: steps=1533 azm=0 active=0 floors=2 rhr=73 hrv=? br=? spo2=? readiness=? sleep=645m deep=133m rem=187m eff=93%
[2026-04-19T17:05:12.229Z] SLEEP_PARSE: format=stages | deep=133m rem=187m light=325m wake=46m | efficiency=93 minutesAsleep=645
[2026-04-19T17:05:12.317Z] readiness FAILED :: 404 Fitbit 404: {"errors":[{"errorType":"not_found","fieldName":"n/a","message":"The API you are requesting could not be found."}],"success":fal
[2026-04-19T17:05:12.362Z] sleepScore FAILED :: 404 Fitbit 404: 
[2026-04-19T17:05:12.448Z] SLEEP_PARSE: format=stages | deep=133m rem=187m light=325m wake=46m | efficiency=93 minutesAsleep=645
[2026-04-19T17:05:12.497Z] br FAILED :: 403 Fitbit 403: {
  "error": {
    "code": 403,
    "message": "The caller does not have permission",
    "status": "PERMISSION_DENIED"
  }
}

[2026-04-19T17:05:12.515Z] spo2 FAILED :: 403 Fitbit 403: {
  "error": {
    "code": 403,
    "message": "The caller does not have permission",
    "status": "PERMISSION_DENIED"
  }
}

[2026-04-19T17:05:12.552Z] sleepScore FAILED :: 404 Fitbit 404: 
[2026-04-19T17:05:12.637Z] cardioscore FAILED :: 403 Fitbit 403: This application does not have permission to READ CARDIO_FITNESS data. Visit https://dev.fitbit.com/docs/oauth2 for more informa
[2026-04-19T17:05:12.639Z] readiness FAILED :: 404 Fitbit 404: {"errors":[{"errorType":"not_found","fieldName":"n/a","message":"The API you are requesting could not be found."}],"success":fal
[2026-04-19T17:05:12.640Z] RECOVERY :: score=98 source=computed date=2026-04-19
[2026-04-19T17:05:12.640Z] STATS :: steps=1533 azm=0 active=0 floors=2 rhr=73 hrv=38 br=? spo2=? readiness=? sleep=645m deep=133m rem=187m eff=93%
[2026-04-19T17:20:12.422Z] SLEEP_PARSE: format=stages | deep=133m rem=187m light=325m wake=46m | efficiency=93 minutesAsleep=645
[2026-04-19T17:20:12.477Z] br FAILED :: 403 Fitbit 403: {
  "error": {
    "code": 403,
    "message": "The caller does not have permission",
    "status": "PERMISSION_DENIED"
  }
}

[2026-04-19T17:20:12.541Z] spo2 FAILED :: 403 Fitbit 403: {
  "error": {
    "code": 403,
    "message": "The caller does not have permission",
    "status": "PERMISSION_DENIED"
  }
}

[2026-04-19T17:20:12.555Z] sleepScore FAILED :: 404 Fitbit 404: 
[2026-04-19T17:20:12.591Z] cardioscore FAILED :: 403 Fitbit 403: This application does not have permission to READ CARDIO_FITNESS data. Visit https://dev.fitbit.com/docs/oauth2 for more informa
[2026-04-19T17:20:12.606Z] readiness FAILED :: 404 Fitbit 404: {"errors":[{"errorType":"not_found","fieldName":"n/a","message":"The API you are requesting could not be found."}],"success":fal
[2026-04-19T17:20:12.607Z] RECOVERY :: score=98 source=computed date=2026-04-19
[2026-04-19T17:20:12.607Z] STATS :: steps=2691 azm=0 active=8 floors=6 rhr=73 hrv=38 br=? spo2=? readiness=? sleep=645m deep=133m rem=187m eff=93%
[2026-04-19T17:35:12.265Z] SLEEP_PARSE: format=stages | deep=133m rem=187m light=325m wake=46m | efficiency=93 minutesAsleep=645
[2026-04-19T17:35:12.336Z] SLEEP_PARSE: format=stages | deep=133m rem=187m light=325m wake=46m | efficiency=93 minutesAsleep=645
[2026-04-19T17:35:12.360Z] readiness FAILED :: 404 Fitbit 404: {"errors":[{"errorType":"not_found","fieldName":"n/a","message":"The API you are requesting could not be found."}],"success":fal
[2026-04-19T17:35:12.374Z] sleepScore FAILED :: 404 Fitbit 404: 
[2026-04-19T17:35:12.454Z] hrv FAILED :: 503 Fitbit 503: Request was not processed by the server due to an error and is safe to retry
[2026-04-19T17:35:12.465Z] br FAILED :: 403 Fitbit 403: {
  "error": {
    "code": 403,
    "message": "The caller does not have permission",
    "status": "PERMISSION_DENIED"
  }
}

[2026-04-19T17:35:12.469Z] sleepScore FAILED :: 404 Fitbit 404: 
[2026-04-19T17:35:12.523Z] cardioscore FAILED :: 403 Fitbit 403: This application does not have permission to READ CARDIO_FITNESS data. Visit https://dev.fitbit.com/docs/oauth2 for more informa
[2026-04-19T17:35:12.524Z] spo2 FAILED :: 403 Fitbit 403: {
  "error": {
    "code": 403,
    "message": "The caller does not have permission",
    "status": "PERMISSION_DENIED"
  }
}

[2026-04-19T17:35:12.525Z] readiness FAILED :: 404 Fitbit 404: {"errors":[{"errorType":"not_found","fieldName":"n/a","message":"The API you are requesting could not be found."}],"success":fal
[2026-04-19T17:35:12.525Z] RECOVERY :: score=98 source=computed date=2026-04-19
[2026-04-19T17:35:12.526Z] STATS :: steps=3362 azm=0 active=8 floors=10 rhr=73 hrv=? br=? spo2=? readiness=? sleep=645m deep=133m rem=187m eff=93%
[2026-04-19T17:50:12.589Z] SLEEP_PARSE: format=stages | deep=133m rem=187m light=325m wake=46m | efficiency=93 minutesAsleep=645
[2026-04-19T17:50:12.654Z] br FAILED :: 403 Fitbit 403: {
  "error": {
    "code": 403,
    "message": "The caller does not have permission",
    "status": "PERMISSION_DENIED"
  }
}

[2026-04-19T17:50:12.711Z] sleepScore FAILED :: 404 Fitbit 404: 
[2026-04-19T17:50:12.774Z] spo2 FAILED :: 403 Fitbit 403: {
  "error": {
    "code": 403,
    "message": "The caller does not have permission",
    "status": "PERMISSION_DENIED"
  }
}

[2026-04-19T17:50:12.839Z] readiness FAILED :: 404 Fitbit 404: {"errors":[{"errorType":"not_found","fieldName":"n/a","message":"The API you are requesting could not be found."}],"success":fal
[2026-04-19T17:50:12.842Z] cardioscore FAILED :: 403 Fitbit 403: This application does not have permission to READ CARDIO_FITNESS data. Visit https://dev.fitbit.com/docs/oauth2 for more informa
[2026-04-19T17:50:12.843Z] RECOVERY :: score=98 source=computed date=2026-04-19
[2026-04-19T17:50:12.843Z] STATS :: steps=3451 azm=0 active=8 floors=12 rhr=73 hrv=38 br=? spo2=? readiness=? sleep=645m deep=133m rem=187m eff=93%
[2026-04-19T18:05:12.195Z] SLEEP_PARSE: format=stages | deep=133m rem=187m light=325m wake=46m | efficiency=93 minutesAsleep=645
[2026-04-19T18:05:12.276Z] SLEEP_PARSE: format=stages | deep=133m rem=187m light=325m wake=46m | efficiency=93 minutesAsleep=645
[2026-04-19T18:05:12.296Z] readiness FAILED :: 404 Fitbit 404: {"errors":[{"errorType":"not_found","fieldName":"n/a","message":"The API you are requesting could not be found."}],"success":fal
[2026-04-19T18:05:12.319Z] sleepScore FAILED :: 404 Fitbit 404: 
[2026-04-19T18:05:12.399Z] sleepScore FAILED :: 404 Fitbit 404: 
[2026-04-19T18:05:12.402Z] spo2 FAILED :: 403 Fitbit 403: {
  "error": {
    "code": 403,
    "message": "The caller does not have permission",
    "status": "PERMISSION_DENIED"
  }
}

[2026-04-19T18:05:12.403Z] br FAILED :: 403 Fitbit 403: {
  "error": {
    "code": 403,
    "message": "The caller does not have permission",
    "status": "PERMISSION_DENIED"
  }
}

[2026-04-19T18:05:12.451Z] readiness FAILED :: 404 Fitbit 404: {"errors":[{"errorType":"not_found","fieldName":"n/a","message":"The API you are requesting could not be found."}],"success":fal
[2026-04-19T18:05:12.462Z] cardioscore FAILED :: 403 Fitbit 403: This application does not have permission to READ CARDIO_FITNESS data. Visit https://dev.fitbit.com/docs/oauth2 for more informa
[2026-04-19T18:05:12.463Z] RECOVERY :: score=98 source=computed date=2026-04-19
[2026-04-19T18:05:12.463Z] STATS :: steps=3655 azm=0 active=8 floors=12 rhr=73 hrv=38 br=? spo2=? readiness=? sleep=645m deep=133m rem=187m eff=93%
[2026-04-19T18:20:12.580Z] SLEEP_PARSE: format=stages | deep=133m rem=187m light=325m wake=46m | efficiency=93 minutesAsleep=645
[2026-04-19T18:20:12.652Z] br FAILED :: 403 Fitbit 403: {
  "error": {
    "code": 403,
    "message": "The caller does not have permission",
    "status": "PERMISSION_DENIED"
  }
}

[2026-04-19T18:20:12.697Z] sleepScore FAILED :: 404 Fitbit 404: 
[2026-04-19T18:20:12.710Z] spo2 FAILED :: 403 Fitbit 403: {
  "error": {
    "code": 403,
    "message": "The caller does not have permission",
    "status": "PERMISSION_DENIED"
  }
}

[2026-04-19T18:20:12.744Z] cardioscore FAILED :: 403 Fitbit 403: This application does not have permission to READ CARDIO_FITNESS data. Visit https://dev.fitbit.com/docs/oauth2 for more informa
[2026-04-19T18:20:12.760Z] readiness FAILED :: 404 Fitbit 404: {"errors":[{"errorType":"not_found","fieldName":"n/a","message":"The API you are requesting could not be found."}],"success":fal
[2026-04-19T18:20:12.761Z] RECOVERY :: score=98 source=computed date=2026-04-19
[2026-04-19T18:20:12.761Z] STATS :: steps=4288 azm=0 active=8 floors=21 rhr=73 hrv=38 br=? spo2=? readiness=? sleep=645m deep=133m rem=187m eff=93%
[2026-04-19T18:35:12.262Z] SLEEP_PARSE: format=stages | deep=133m rem=187m light=325m wake=46m | efficiency=93 minutesAsleep=645
[2026-04-19T18:35:12.399Z] SLEEP_PARSE: format=stages | deep=133m rem=187m light=325m wake=46m | efficiency=93 minutesAsleep=645
[2026-04-19T18:35:12.408Z] readiness FAILED :: 404 Fitbit 404: {"errors":[{"errorType":"not_found","fieldName":"n/a","message":"The API you are requesting could not be found."}],"success":fal
[2026-04-19T18:35:12.431Z] sleepScore FAILED :: 404 Fitbit 404: 
[2026-04-19T18:35:12.505Z] sleepScore FAILED :: 404 Fitbit 404: 
[2026-04-19T18:35:12.532Z] br FAILED :: 403 Fitbit 403: {
  "error": {
    "code": 403,
    "message": "The caller does not have permission",
    "status": "PERMISSION_DENIED"
  }
}

[2026-04-19T18:35:12.537Z] spo2 FAILED :: 403 Fitbit 403: {
  "error": {
    "code": 403,
    "message": "The caller does not have permission",
    "status": "PERMISSION_DENIED"
  }
}

[2026-04-19T18:35:12.586Z] readiness FAILED :: 404 Fitbit 404: {"errors":[{"errorType":"not_found","fieldName":"n/a","message":"The API you are requesting could not be found."}],"success":fal
[2026-04-19T18:35:12.620Z] cardioscore FAILED :: 403 Fitbit 403: This application does not have permission to READ CARDIO_FITNESS data. Visit https://dev.fitbit.com/docs/oauth2 for more informa
[2026-04-19T18:35:12.621Z] RECOVERY :: score=98 source=computed date=2026-04-19
[2026-04-19T18:35:12.621Z] STATS :: steps=4826 azm=0 active=18 floors=37 rhr=73 hrv=38 br=? spo2=? readiness=? sleep=645m deep=133m rem=187m eff=93%
[2026-04-19T18:50:12.851Z] SLEEP_PARSE: format=stages | deep=133m rem=187m light=325m wake=46m | efficiency=93 minutesAsleep=645
[2026-04-19T18:50:12.911Z] br FAILED :: 403 Fitbit 403: {
  "error": {
    "code": 403,
    "message": "The caller does not have permission",
    "status": "PERMISSION_DENIED"
  }
}

[2026-04-19T18:50:12.985Z] sleepScore FAILED :: 404 Fitbit 404: 
[2026-04-19T18:50:13.005Z] spo2 FAILED :: 403 Fitbit 403: {
  "error": {
    "code": 403,
    "message": "The caller does not have permission",
    "status": "PERMISSION_DENIED"
  }
}

[2026-04-19T18:50:13.012Z] readiness FAILED :: 404 Fitbit 404: {"errors":[{"errorType":"not_found","fieldName":"n/a","message":"The API you are requesting could not be found."}],"success":fal
[2026-04-19T18:50:13.021Z] cardioscore FAILED :: 403 Fitbit 403: This application does not have permission to READ CARDIO_FITNESS data. Visit https://dev.fitbit.com/docs/oauth2 for more informa
[2026-04-19T18:50:13.021Z] RECOVERY :: score=98 source=computed date=2026-04-19
[2026-04-19T18:50:13.022Z] STATS :: steps=5477 azm=0 active=31 floors=41 rhr=73 hrv=38 br=? spo2=? readiness=? sleep=645m deep=133m rem=187m eff=93%
[2026-04-19T19:05:12.846Z] SLEEP_PARSE: format=stages | deep=133m rem=187m light=325m wake=46m | efficiency=93 minutesAsleep=645
[2026-04-19T19:05:12.939Z] readiness FAILED :: 404 Fitbit 404: {"errors":[{"errorType":"not_found","fieldName":"n/a","message":"The API you are requesting could not be found."}],"success":fal
[2026-04-19T19:05:13.002Z] sleepScore FAILED :: 404 Fitbit 404: 
[2026-04-19T19:05:13.314Z] SLEEP_PARSE: format=stages | deep=133m rem=187m light=325m wake=46m | efficiency=93 minutesAsleep=645
[2026-04-19T19:05:13.369Z] spo2 FAILED :: 403 Fitbit 403: {
  "error": {
    "code": 403,
    "message": "The caller does not have permission",
    "status": "PERMISSION_DENIED"
  }
}

[2026-04-19T19:05:13.370Z] br FAILED :: 403 Fitbit 403: {
  "error": {
    "code": 403,
    "message": "The caller does not have permission",
    "status": "PERMISSION_DENIED"
  }
}

[2026-04-19T19:05:13.427Z] sleepScore FAILED :: 404 Fitbit 404: 
[2026-04-19T19:05:13.474Z] cardioscore FAILED :: 403 Fitbit 403: This application does not have permission to READ CARDIO_FITNESS data. Visit https://dev.fitbit.com/docs/oauth2 for more informa
[2026-04-19T19:05:13.509Z] readiness FAILED :: 404 Fitbit 404: {"errors":[{"errorType":"not_found","fieldName":"n/a","message":"The API you are requesting could not be found."}],"success":fal
[2026-04-19T19:05:13.509Z] RECOVERY :: score=98 source=computed date=2026-04-19
[2026-04-19T19:05:13.510Z] STATS :: steps=5766 azm=0 active=35 floors=42 rhr=73 hrv=38 br=? spo2=? readiness=? sleep=645m deep=133m rem=187m eff=93%
[2026-04-19T19:13:50.812Z] SLEEP_PARSE: format=stages | deep=133m rem=187m light=325m wake=46m | efficiency=93 minutesAsleep=645
[2026-04-19T19:13:50.872Z] br FAILED :: 403 Fitbit 403: {
  "error": {
    "code": 403,
    "message": "The caller does not have permission",
    "status": "PERMISSION_DENIED"
  }
}

[2026-04-19T19:13:50.909Z] sleepScore FAILED :: 404 Fitbit 404: 
[2026-04-19T19:13:50.941Z] spo2 FAILED :: 403 Fitbit 403: {
  "error": {
    "code": 403,
    "message": "The caller does not have permission",
    "status": "PERMISSION_DENIED"
  }
}

[2026-04-19T19:13:51.042Z] readiness FAILED :: 404 Fitbit 404: {"errors":[{"errorType":"not_found","fieldName":"n/a","message":"The API you are requesting could not be found."}],"success":fal
[2026-04-19T19:13:56.545Z] cardioscore FAILED :: 403 Fitbit 403: This application does not have permission to READ CARDIO_FITNESS data. Visit https://dev.fitbit.com/docs/oauth2 for more informa
[2026-04-19T19:13:56.545Z] RECOVERY :: score=98 source=computed date=2026-04-19
[2026-04-19T19:13:56.546Z] STATS :: steps=5766 azm=0 active=35 floors=42 rhr=73 hrv=38 br=? spo2=? readiness=? sleep=645m deep=133m rem=187m eff=93%
[2026-04-19T19:13:57.407Z] SLEEP_PARSE: format=stages | deep=133m rem=187m light=325m wake=46m | efficiency=93 minutesAsleep=645
[2026-04-19T19:13:57.477Z] br FAILED :: 403 Fitbit 403: {
  "error": {
    "code": 403,
    "message": "The caller does not have permission",
    "status": "PERMISSION_DENIED"
  }
}

[2026-04-19T19:13:57.501Z] cardioscore FAILED :: 403 Fitbit 403: This application does not have permission to READ CARDIO_FITNESS data. Visit https://dev.fitbit.com/docs/oauth2 for more informa
[2026-04-19T19:13:57.535Z] sleepScore FAILED :: 404 Fitbit 404: 
[2026-04-19T19:13:57.556Z] spo2 FAILED :: 403 Fitbit 403: {
  "error": {
    "code": 403,
    "message": "The caller does not have permission",
    "status": "PERMISSION_DENIED"
  }
}

[2026-04-19T19:13:57.607Z] readiness FAILED :: 404 Fitbit 404: {"errors":[{"errorType":"not_found","fieldName":"n/a","message":"The API you are requesting could not be found."}],"success":fal
[2026-04-19T19:13:57.607Z] RECOVERY :: score=98 source=computed date=2026-04-19
[2026-04-19T19:13:57.608Z] STATS :: steps=5766 azm=0 active=35 floors=42 rhr=73 hrv=38 br=? spo2=? readiness=? sleep=645m deep=133m rem=187m eff=93%
